Reading netlist file: "/Users/arthur/tangprimer25k/impl/gwsynthesis/tangprimer25k.vg"
Parsing netlist file "/Users/arthur/tangprimer25k/impl/gwsynthesis/tangprimer25k.vg" completed
Processing netlist completed
Reading constraint file: "/Users/arthur/tangprimer25k/tangprimer25k.cst"
Physical Constraint parsed completed
Running placement......
[10%] Placement Phase 0 completed
[20%] Placement Phase 1 completed
[30%] Placement Phase 2 completed
[50%] Placement Phase 3 completed
Running routing......
[60%] Routing Phase 0 completed
[70%] Routing Phase 1 completed
[80%] Routing Phase 2 completed
[90%] Routing Phase 3 completed
Running timing analysis......
[95%] Timing analysis completed
Placement and routing completed
Bitstream generation in progress......
Bitstream generation completed
Running power analysis......
[100%] Power analysis completed
Generate file "/Users/arthur/tangprimer25k/impl/pnr/tangprimer25k.power.html" completed
Generate file "/Users/arthur/tangprimer25k/impl/pnr/tangprimer25k.pin.html" completed
Generate file "/Users/arthur/tangprimer25k/impl/pnr/tangprimer25k.rpt.html" completed
Generate file "/Users/arthur/tangprimer25k/impl/pnr/tangprimer25k.rpt.txt" completed
Generate file "/Users/arthur/tangprimer25k/impl/pnr/tangprimer25k.tr.html" completed
Wed Jul 29 11:22:07 2026

